<!doctype html><html><head><link rel="icon" href="/another/path/assets/favicon.png"></head><body></body></html>
